Ocean Sandbox listening on http://0.0.0.0:4317
2026-06-04T11:51:44.945Z GET /simulation.html
2026-06-04T11:52:31.291Z GET /js/game.js?v=20260604-island-camera-v1
2026-06-04T11:52:31.359Z HEAD /models/stylized_pirate_ship.glb
2026-06-04T11:52:32.240Z HEAD /models/low-poly_pirate_ship.glb
2026-06-04T11:53:21.466Z GET /simulation.html
2026-06-04T11:53:21.504Z GET /js/game.js?v=20260604-island-camera-v1
2026-06-04T11:53:21.548Z GET /js/ocean.js
2026-06-04T11:53:21.556Z GET /js/effects.js?v=20260602-raycast-restored-v1
2026-06-04T11:53:21.565Z GET /js/player.js?v=20260604-island-camera-v1
2026-06-04T11:53:21.571Z GET /js/ballistics.js?v=20260603-bonuses-island-v1
2026-06-04T11:53:21.576Z GET /js/ship.js?v=20260603-cannon-line-v6
2026-06-04T11:53:21.579Z GET /js/enemy.js?v=20260603-bonuses-island-v1
2026-06-04T11:53:21.584Z GET /js/damage-control.js?v=20260603-action-buttons-v1
2026-06-04T11:53:21.589Z GET /js/models.js?v=20260602-raycast-restored-v1
2026-06-04T11:53:21.594Z GET /js/collision-profile.js?v=20260602-default-profile-v2
2026-06-04T11:53:21.600Z GET /js/sailing.js?v=20260603-bonuses-island-v1
2026-06-04T11:53:21.603Z GET /js/treasure.js?v=20260603-bonuses-island-v1
2026-06-04T11:53:21.607Z GET /js/island-quest.js?v=20260604-island-camera-v1
2026-06-04T11:53:21.613Z GET /js/island.js?v=20260603-bonuses-island-v1
2026-06-04T11:53:21.615Z GET /js/bonuses.js?v=20260603-bonuses-island-v1
2026-06-04T11:53:21.813Z GET /models/stylized_pirate_ship.glb
2026-06-04T11:53:21.830Z GET /textures/waternormals.jpg
2026-06-04T11:53:22.284Z GET /models/low-poly_pirate_ship.glb
2026-06-04T12:00:03.136Z GET /simulation.html
2026-06-04T12:00:03.222Z GET /js/game.js?v=20260604-island-camera-v2
2026-06-04T12:00:03.244Z GET /js/player.js?v=20260604-island-camera-v2
2026-06-04T12:00:03.248Z GET /js/island-quest.js?v=20260604-island-camera-v2
2026-06-04T12:08:07.184Z GET /simulation.html
2026-06-04T12:08:07.252Z GET /js/game.js?v=20260604-island-camera-v3
2026-06-04T12:08:07.262Z GET /js/player.js?v=20260604-island-camera-v3
2026-06-04T12:08:07.267Z GET /js/island-quest.js?v=20260604-island-camera-v3
2026-06-04T17:00:53.312Z GET /simulation.html
2026-06-04T17:00:53.838Z GET /js/game.js?v=20260604-island-camera-v3
2026-06-04T17:00:53.871Z GET /js/ocean.js
2026-06-04T17:00:53.873Z GET /js/effects.js?v=20260602-raycast-restored-v1
2026-06-04T17:00:53.882Z GET /js/ballistics.js?v=20260603-bonuses-island-v1
2026-06-04T17:00:53.886Z GET /js/ship.js?v=20260603-cannon-line-v6
2026-06-04T17:00:53.893Z GET /js/enemy.js?v=20260603-bonuses-island-v1
2026-06-04T17:00:53.896Z GET /js/player.js?v=20260604-island-camera-v3
2026-06-04T17:00:53.899Z GET /js/damage-control.js?v=20260603-action-buttons-v1
2026-06-04T17:00:53.923Z GET /js/models.js?v=20260602-raycast-restored-v1
2026-06-04T17:00:53.934Z GET /js/collision-profile.js?v=20260602-default-profile-v2
2026-06-04T17:00:53.942Z GET /js/sailing.js?v=20260603-bonuses-island-v1
2026-06-04T17:00:53.955Z GET /js/treasure.js?v=20260603-bonuses-island-v1
2026-06-04T17:00:53.960Z GET /js/island.js?v=20260603-bonuses-island-v1
2026-06-04T17:00:54.014Z GET /js/bonuses.js?v=20260603-bonuses-island-v1
2026-06-04T17:00:54.015Z GET /js/island-quest.js?v=20260604-island-camera-v3
2026-06-04T17:00:54.170Z GET /textures/waternormals.jpg
2026-06-04T17:00:54.339Z GET /models/stylized_pirate_ship.glb
2026-06-04T17:00:54.958Z GET /models/low-poly_pirate_ship.glb
2026-06-04T21:19:00.754Z GET /simulation.html
2026-06-04T21:19:00.968Z GET /js/game.js?v=20260604-island-barrage-v4
2026-06-04T21:19:01.029Z GET /js/player.js?v=20260604-island-barrage-v4
2026-06-04T21:19:01.035Z GET /js/island-quest.js?v=20260604-island-barrage-v4
2026-06-04T21:19:01.039Z GET /js/ocean.js
2026-06-04T21:19:01.040Z GET /js/effects.js?v=20260602-raycast-restored-v1
2026-06-04T21:19:01.052Z GET /js/ballistics.js?v=20260603-bonuses-island-v1
2026-06-04T21:19:01.055Z GET /js/ship.js?v=20260603-cannon-line-v6
2026-06-04T21:19:01.063Z GET /js/enemy.js?v=20260603-bonuses-island-v1
2026-06-04T21:19:01.068Z GET /js/damage-control.js?v=20260603-action-buttons-v1
2026-06-04T21:19:01.070Z GET /js/models.js?v=20260602-raycast-restored-v1
2026-06-04T21:19:01.074Z GET /js/collision-profile.js?v=20260602-default-profile-v2
2026-06-04T21:19:01.083Z GET /js/sailing.js?v=20260603-bonuses-island-v1
2026-06-04T21:19:01.087Z GET /js/treasure.js?v=20260603-bonuses-island-v1
2026-06-04T21:19:01.092Z GET /js/island.js?v=20260603-bonuses-island-v1
2026-06-04T21:19:01.095Z GET /js/bonuses.js?v=20260603-bonuses-island-v1
2026-06-04T21:19:01.271Z GET /textures/waternormals.jpg
2026-06-04T21:19:01.471Z GET /models/stylized_pirate_ship.glb
2026-06-04T21:19:02.159Z GET /models/low-poly_pirate_ship.glb
2026-06-04T21:25:28.046Z GET /simulation.html
2026-06-04T21:25:28.100Z GET /js/game.js?v=20260604-island-barrage-v5
2026-06-04T21:25:28.117Z GET /js/player.js?v=20260604-island-barrage-v5
2026-06-04T21:25:28.136Z GET /js/island-quest.js?v=20260604-island-barrage-v5
